* ******************************************************************************

* iCEcube Report

* Version:            2020.12.27943

* Build Date:         Dec  9 2020 17:31:51

* File Generated:     Dec 5 2021 15:33:47

* Purpose:            General info of design implementation

* Copyright (C) 2006-2010 by Lattice Semiconductor Corp. All rights reserved.

* ******************************************************************************

Synthesis/Placement Summary:
----------------------------
    Status:  Successful
    Runtime: 1 seconds

Device Info:
------------
    Device Family: iCE40
    Device:        iCE40LP1K
    Package:       QN84

Design statistics:
------------------
    FFs:                  99
    LUTs:                 142
    RAMs:                 0
    IOBs:                 2
    GBs:                  3
    PLLs:                 0
    Warm Boots:           0

Logic Resource Utilization:
---------------------------
    Total Logic Cells: 169/1280
        Combinational Logic Cells: 70       out of   1280      5.46875%
        Sequential Logic Cells:    99       out of   1280      7.73438%
        Logic Tiles:               33       out of   160       20.625%
    Registers: 
        Logic Registers:           99       out of   1280      7.73438%
        IO Registers:              0        out of   560       0
    Block RAMs:                    0        out of   16        0%
    Warm Boots:                    0        out of   1         0%
    Pins:
        Input Pins:                1        out of   67        1.49254%
        Output Pins:               1        out of   67        1.49254%
        InOut Pins:                0        out of   67        0%
    Global Buffers:                3        out of   8         37.5%
    PLLs:                          0        out of   0       

IO Bank Utilization:
--------------------
    Bank 3: 2        out of   18        11.1111%
    Bank 1: 0        out of   17        0%
    Bank 0: 0        out of   17        0%
    Bank 2: 0        out of   15        0%

Detailed I/O Info:
------------------
    Input Pins: 
    Pin Number  Direction  IO Standard  Pull Up  IO Bank  IO Function    Signal Name
    ----------  ---------  -----------  -------  -------  -----------    -----------
    A8          Input      SB_LVCMOS    No       3        Simple Input   CLK_27mhz  

    Output Pins: 
    Pin Number  Direction  IO Standard  Pull Up  IO Bank  IO Function    Signal Name
    ----------  ---------  -----------  -------  -------  -----------    -----------
    A12         Output     SB_LVCMOS    No       3        Simple Output  clk_2Hz    

Detailed Global Buffer Info:
----------------------------
    Buffer Number  IO Bank  Driven By  Fanout  Signal Name        
    -------------  -------  ---------  ------  -----------        
    4              3        IO         99      CLK_27mhz_0_0_c_g  
    3              3                   32      clk_1Khz_cnv_0_g   
    1              0                   32      N_67_g             


Router Summary:
---------------
    Status:  Successful
    Runtime: 2 seconds

Routing Resource Utilization:
-----------------------------
              Local line of tile      969 out of  28666      3.38031%
                          Span 4       37 out of   6944      0.532834%
                         Span 12        8 out of   1440      0.555556%
                  Global network        3 out of      8      37.5%
      Vertical Inter-LUT Connect        2 out of   1120      0.178571%

