* ******************************************************************************

* iCEcube Report

* Version:            2020.12.27943

* Build Date:         Dec  9 2020 17:31:51

* File Generated:     Apr 11 2022 18:27:44

* Purpose:            General info of design implementation

* Copyright (C) 2006-2010 by Lattice Semiconductor Corp. All rights reserved.

* ******************************************************************************

Synthesis/Placement Summary:
----------------------------
    Status:  Successful
    Runtime: 1 seconds

Device Info:
------------
    Device Family: iCE40
    Device:        iCE40LP1K
    Package:       QN84

Design statistics:
------------------
    FFs:                  201
    LUTs:                 1079
    RAMs:                 0
    IOBs:                 37
    GBs:                  3
    PLLs:                 0
    Warm Boots:           0

Logic Resource Utilization:
---------------------------
    Total Logic Cells: 1117/1280
        Combinational Logic Cells: 916      out of   1280      71.5625%
        Sequential Logic Cells:    201      out of   1280      15.7031%
        Logic Tiles:               156      out of   160       97.5%
    Registers: 
        Logic Registers:           201      out of   1280      15.7031%
        IO Registers:              0        out of   560       0
    Block RAMs:                    0        out of   16        0%
    Warm Boots:                    0        out of   1         0%
    Pins:
        Input Pins:                18       out of   67        26.8657%
        Output Pins:               19       out of   67        28.3582%
        InOut Pins:                0        out of   67        0%
    Global Buffers:                3        out of   8         37.5%
    PLLs:                          0        out of   0       

IO Bank Utilization:
--------------------
    Bank 3: 15       out of   18        83.3333%
    Bank 1: 8        out of   17        47.0588%
    Bank 0: 14       out of   17        82.3529%
    Bank 2: 0        out of   15        0%

Detailed I/O Info:
------------------
    Input Pins: 
    Pin Number  Direction  IO Standard  Pull Up  IO Bank  IO Function    Signal Name        
    ----------  ---------  -----------  -------  -------  -----------    -----------        
    A8          Input      SB_LVCMOS    No       3        Simple Input   FPGA_OSC           
    A32         Input      SB_LVCMOS    No       1        Simple Input   VPP_OK             
    A33         Input      SB_LVCMOS    No       1        Simple Input   V33DSW_OK          
    A35         Input      SB_LVCMOS    No       1        Simple Input   V33A_OK            
    A38         Input      SB_LVCMOS    No       0        Simple Input   V105A_OK           
    A39         Input      SB_LVCMOS    No       0        Simple Input   VR_READY_VCCIN     
    A41         Input      SB_LVCMOS    No       0        Simple Input   V5S_OK             
    A43         Input      SB_LVCMOS    No       0        Simple Input   VCCIO_OK           
    A44         Input      SB_LVCMOS    No       0        Simple Input   VDDQ_OK            
    A47         Input      SB_LVCMOS    No       0        Simple Input   SLP_S4n            
    B24         Input      SB_LVCMOS    No       1        Simple Input   GPIO_FPGA_PCH_1    
    B26         Input      SB_LVCMOS    No       1        Simple Input   V5A_OK             
    B27         Input      SB_LVCMOS    No       1        Simple Input   V1P8A_OK           
    B29         Input      SB_LVCMOS    No       0        Simple Input   VR_READY_VCCINAUX  
    B31         Input      SB_LVCMOS    No       0        Simple Input   V33S_OK            
    B32         Input      SB_LVCMOS    No       0        Simple Input   VCCST_OK           
    B35         Input      SB_LVCMOS    No       0        Simple Input   GPIO_FPGA_PCH_5    
    B36         Input      SB_LVCMOS    No       0        Simple Input   SLP_S3n            

    Output Pins: 
    Pin Number  Direction  IO Standard  Pull Up  IO Bank  IO Function    Signal Name        
    ----------  ---------  -----------  -------  -------  -----------    -----------        
    A2          Output     SB_LVCMOS    No       3        Simple Output  VCCIN_EN           
    A3          Output     SB_LVCMOS    No       3        Simple Output  V5A_EN             
    A4          Output     SB_LVCMOS    No       3        Simple Output  PCH_PWROK          
    A5          Output     SB_LVCMOS    No       3        Simple Output  VCCIO_EN           
    A10         Output     SB_LVCMOS    No       3        Simple Output  VCCST_ENn          
    A11         Output     SB_LVCMOS    No       3        Simple Output  V33S_ENn           
    A12         Output     SB_LVCMOS    No       3        Simple Output  V105A_EN           
    A40         Output     SB_LVCMOS    No       0        Simple Output  PWRBTN_LED         
    A48         Output     SB_LVCMOS    No       0        Simple Output  HDA_SDO_FPGA       
    B1          Output     SB_LVCMOS    No       3        Simple Output  VCCINAUX_EN        
    B2          Output     SB_LVCMOS    No       3        Simple Output  VCCST_PWRGD        
    B3          Output     SB_LVCMOS    No       3        Simple Output  SYS_PWROK          
    B5          Output     SB_LVCMOS    No       3        Simple Output  VPP_EN             
    B7          Output     SB_LVCMOS    No       3        Simple Output  DSW_PWROK          
    B8          Output     SB_LVCMOS    No       3        Simple Output  V5S_ENn            
    B9          Output     SB_LVCMOS    No       3        Simple Output  RSMRSTn            
    B22         Output     SB_LVCMOS    No       1        Simple Output  V33A_ENn           
    B23         Output     SB_LVCMOS    No       1        Simple Output  V1P8A_EN           
    B34         Output     SB_LVCMOS    No       0        Simple Output  VDDQ_EN            

Detailed Global Buffer Info:
----------------------------
    Buffer Number  IO Bank  Driven By  Fanout  Signal Name                         
    -------------  -------  ---------  ------  -----------                         
    4              3        IO         201     FPGA_OSC_0_c_g                      
    3              3                   36      b2v_inst200.count_en_g              
    1              0                   39      b2v_inst16_delayed_vddq_pwrgd_en_g  


Router Summary:
---------------
    Status:  Successful
    Runtime: 6 seconds

Routing Resource Utilization:
-----------------------------
              Local line of tile     7262 out of  28666      25.3331%
                          Span 4     1087 out of   6944      15.6538%
                         Span 12      121 out of   1440      8.40278%
                  Global network        3 out of      8      37.5%
      Vertical Inter-LUT Connect      223 out of   1120      19.9107%

