* ******************************************************************************

* iCEcube Report

* Version:            2020.12.27943

* Build Date:         Dec  9 2020 17:31:51

* File Generated:     Jun 13 2022 14:52:48

* Purpose:            General info of design implementation

* Copyright (C) 2006-2010 by Lattice Semiconductor Corp. All rights reserved.

* ******************************************************************************

Synthesis/Placement Summary:
----------------------------
    Status:  Successful
    Runtime: 1 seconds

Device Info:
------------
    Device Family: iCE40
    Device:        iCE40LP1K
    Package:       QN84

Design statistics:
------------------
    FFs:                  110
    LUTs:                 303
    RAMs:                 0
    IOBs:                 32
    GBs:                  0
    PLLs:                 0
    Warm Boots:           0

Logic Resource Utilization:
---------------------------
    Total Logic Cells: 316/1280
        Combinational Logic Cells: 206      out of   1280      16.0938%
        Sequential Logic Cells:    110      out of   1280      8.59375%
        Logic Tiles:               60       out of   160       37.5%
    Registers: 
        Logic Registers:           110      out of   1280      8.59375%
        IO Registers:              0        out of   560       0
    Block RAMs:                    0        out of   16        0%
    Warm Boots:                    0        out of   1         0%
    Pins:
        Input Pins:                13       out of   67        19.403%
        Output Pins:               19       out of   67        28.3582%
        InOut Pins:                0        out of   67        0%
    Global Buffers:                0        out of   8         0%
    PLLs:                          0        out of   0       

IO Bank Utilization:
--------------------
    Bank 3: 18       out of   18        100%
    Bank 1: 16       out of   17        94.1176%
    Bank 0: 16       out of   17        94.1176%
    Bank 2: 9        out of   15        60%

Detailed I/O Info:
------------------
    Input Pins: 
    Pin Number  Direction  IO Standard  Pull Up  IO Bank  IO Function    Signal Name               
    ----------  ---------  -----------  -------  -------  -----------    -----------               
    A34         Input      SB_LVCMOS    No       1        Simple Input   V33S_OK                   
    A35         Input      SB_LVCMOS    No       1        Simple Input   V33A_OK                   
    A38         Input      SB_LVCMOS    No       0        Simple Input   SLP_S3n                   
    A40         Input      SB_LVCMOS    No       0        Simple Input   SLP_SUSn                  
    B1          Input      SB_LVCMOS    Yes      3        Simple Input   VPP_OK                    
    B2          Input      SB_LVCMOS    Yes      3        Simple Input   V1P8A_OK                  
    B5          Input      SB_LVCMOS    No       3        Simple Input   VR_READY_VCCIN            
    B8          Input      SB_LVCMOS    Yes      3        Simple Input   V5A_OK                    
    B12         Input      SB_LVCMOS    No       2        Simple Input   FPGA_OSC                  
    B19         Input      SB_LVCMOS    No       1        Simple Input   VCCST_CPU_OK              
    B20         Input      SB_LVCMOS    No       1        Simple Input   V5S_OK                    
    B26         Input      SB_LVCMOS    Yes      1        Simple Input   VDDQ_OK                   
    B34         Input      SB_LVCMOS    No       0        Simple Input   SLP_S4n                   

    Output Pins: 
    Pin Number  Direction  IO Standard  Pull Up  IO Bank  IO Function    Signal Name               
    ----------  ---------  -----------  -------  -------  -----------    -----------               
    A1          Output     SB_LVCMOS    No       3        Simple Output  V1P8A_EN                  
    A3          Output     SB_LVCMOS    No       3        Simple Output  V33S_ENn                  
    A4          Output     SB_LVCMOS    No       3        Simple Output  VCCST_EN                  
    A5          Output     SB_LVCMOS    No       3        Simple Output  V33A_ENn                  
    A10         Output     SB_LVCMOS    No       3        Simple Output  V5A_EN                    
    A12         Output     SB_LVCMOS    No       3        Simple Output  PCH_PWROK                 
    A14         Output     SB_LVCMOS    No       2        Simple Output  VCCST_PWRGD               
    A26         Output     SB_LVCMOS    No       1        Simple Output  VCCINAUX_EN               
    A27         Output     SB_LVCMOS    No       1        Simple Output  VCCIN_VR_PE               
    A33         Output     SB_LVCMOS    No       1        Simple Output  VPP_EN                    
    A48         Output     SB_LVCMOS    No       0        Simple Output  VDDQ_EN                   
    B3          Output     SB_LVCMOS    No       3        Simple Output  V5S_ENn                   
    B4          Output     SB_LVCMOS    No       3        Simple Output  DSW_PWROK                 
    B7          Output     SB_LVCMOS    No       3        Simple Output  HDA_SDO_ATP               
    B22         Output     SB_LVCMOS    No       1        Simple Output  VCCINAUX_VR_PE            
    B27         Output     SB_LVCMOS    No       1        Simple Output  SYS_PWROK                 
    B29         Output     SB_LVCMOS    No       0        Simple Output  VCCIN_EN                  
    B35         Output     SB_LVCMOS    No       0        Simple Output  RSMRSTn                   
    B36         Output     SB_LVCMOS    No       0        Simple Output  PWRBTN_LED                

